{
  "scenario": "s_maze",
  "world": "project1_maze",
  "elapsed_seconds": 128.9589050300001,
  "simulation_seconds": 159.00199999999998,
  "requested_real_time_factor": 2.0,
  "ordered_checkpoints_reached": [
    "first_corridor_east_end",
    "middle_corridor_west_end",
    "upper_corridor"
  ],
  "laser_messages": 1588,
  "camera_messages": 1589,
  "camera_dimensions": [
    320,
    240
  ],
  "recorded_path_poses": 760,
  "final_world_pose": [
    4.003562579543577,
    2.0074165642780293
  ],
  "odometry_inferred_final_pose": [
    3.0116814744026112,
    2.8895238640128813
  ],
  "ground_truth_messages": 7324,
  "ground_truth_error": null,
  "maze_exit_reached": true,
  "note": "Exit and ground-truth.csv use Gazebo model poses. trajectory.csv and the RViz path use drifting wheel odometry. The controller receives neither ground truth nor maze coordinates.",
  "runtime_checks_passed": true,
  "measured_average_real_time_factor": 1.2329664241721878
}
