{
  "scenario": "branched",
  "world": "project1_branched",
  "elapsed_seconds": 280.5134311060001,
  "simulation_seconds": 112.41799999999999,
  "requested_real_time_factor": 1.0,
  "ordered_checkpoints_reached": [
    "junction_approach",
    "right_branch",
    "dead_end",
    "returned_from_dead_end",
    "exit_corridor"
  ],
  "laser_messages": 1125,
  "camera_messages": 2667,
  "camera_dimensions": [
    640,
    480
  ],
  "recorded_path_poses": 551,
  "final_world_pose": [
    2.0072261471482733,
    2.802369898579333
  ],
  "odometry_inferred_final_pose": [
    -0.32813482865940724,
    3.1151191666379154
  ],
  "ground_truth_messages": 10508,
  "ground_truth_error": null,
  "maze_exit_reached": true,
  "note": "Exit and ground-truth.csv use Gazebo model poses. trajectory.csv and the RViz path use drifting wheel odometry. The controller receives neither ground truth nor maze coordinates.",
  "runtime_checks_passed": true,
  "measured_average_real_time_factor": 0.4007579942135448
}
